../Core/Src/bootloader.c:64:13:bootloader_jump_to_user_app	24	static,ignoring_inline_asm
../Core/Src/bootloader.c:80:6:BL_Print_Message	112	static
../Core/Src/bootloader.c:101:13:BL_UART_Fetch_Host_Command	16	static
../Core/Src/bootloader.c:182:13:BootLoader_Send_ACK	24	static
../Core/Src/bootloader.c:191:13:BootLoader_Send_NACK	16	static
../Core/Src/bootloader.c:197:13:BootLoader_Send_Data_To_Host	16	static
../Core/Src/bootloader.c:202:16:BootLoader_CRC_Verification	40	static
../Core/Src/bootloader.c:228:16:Host_Jump_To_Address_Verification	24	static
../Core/Src/bootloader.c:248:16:Perform_Flash_Erase	48	static
../Core/Src/bootloader.c:316:16:Flash_Memory_Write_Payload	40	static
../Core/Src/bootloader.c:367:16:CBL_STM32F401_Get_RDP_Level	40	static
../Core/Src/bootloader.c:377:16:Change_ROP_Level	48	static
../Core/Src/bootloader.c:446:13:BootLoader_Get_Version	32	static
../Core/Src/bootloader.c:478:13:BootLoader_Get_Help	24	static
../Core/Src/bootloader.c:509:13:BootLoader_Get_Chip_ID	32	static
../Core/Src/bootloader.c:544:13:BootLoader_Read_Protection_Level	32	static
../Core/Src/bootloader.c:579:13:BootLoader_Jump_To_Address	40	static
../Core/Src/bootloader.c:640:13:BootLoader_Erase_Flash	32	static
../Core/Src/bootloader.c:687:13:BootLoader_Memory_Write	32	static
../Core/Src/bootloader.c:755:13:BootLoader_Change_Read_Protection_Level	32	static
../Core/Src/bootloader.c:808:13:BootLoader_Enable_RW_Protection	16	static
../Core/Src/bootloader.c:813:13:BootLoader_Memory_Read	16	static
../Core/Src/bootloader.c:818:13:BootLoader_Get_Sector_Protection_Status	16	static
../Core/Src/bootloader.c:823:13:BootLoader_Read_OTP	16	static
