Archive member included to satisfy reference by file (symbol)

D:/MCTR Softwares/STMCube/STMCube IDE/STM32CubeIDE_1.14.0/STM32CubeIDE/plugins/com.st.stm32cube.ide.mcu.externaltools.gnu-tools-for-stm32.11.3.rel1.win32_1.1.100.202309141235/tools/bin/../lib/gcc/arm-none-eabi/11.3.1/../../../../arm-none-eabi/lib/thumb/v7e-m+fp/hard\libc_nano.a(libc_a-exit.o)
                              D:/MCTR Softwares/STMCube/STMCube IDE/STM32CubeIDE_1.14.0/STM32CubeIDE/plugins/com.st.stm32cube.ide.mcu.externaltools.gnu-tools-for-stm32.11.3.rel1.win32_1.1.100.202309141235/tools/bin/../lib/gcc/arm-none-eabi/11.3.1/../../../../arm-none-eabi/lib/thumb/v7e-m+fp/hard/crt0.o (exit)
D:/MCTR Softwares/STMCube/STMCube IDE/STM32CubeIDE_1.14.0/STM32CubeIDE/plugins/com.st.stm32cube.ide.mcu.externaltools.gnu-tools-for-stm32.11.3.rel1.win32_1.1.100.202309141235/tools/bin/../lib/gcc/arm-none-eabi/11.3.1/../../../../arm-none-eabi/lib/thumb/v7e-m+fp/hard\libc_nano.a(libc_a-findfp.o)
                              D:/MCTR Softwares/STMCube/STMCube IDE/STM32CubeIDE_1.14.0/STM32CubeIDE/plugins/com.st.stm32cube.ide.mcu.externaltools.gnu-tools-for-stm32.11.3.rel1.win32_1.1.100.202309141235/tools/bin/../lib/gcc/arm-none-eabi/11.3.1/../../../../arm-none-eabi/lib/thumb/v7e-m+fp/hard\libc_nano.a(libc_a-exit.o) (__stdio_exit_handler)
D:/MCTR Softwares/STMCube/STMCube IDE/STM32CubeIDE_1.14.0/STM32CubeIDE/plugins/com.st.stm32cube.ide.mcu.externaltools.gnu-tools-for-stm32.11.3.rel1.win32_1.1.100.202309141235/tools/bin/../lib/gcc/arm-none-eabi/11.3.1/../../../../arm-none-eabi/lib/thumb/v7e-m+fp/hard\libc_nano.a(libc_a-fwalk.o)
                              D:/MCTR Softwares/STMCube/STMCube IDE/STM32CubeIDE_1.14.0/STM32CubeIDE/plugins/com.st.stm32cube.ide.mcu.externaltools.gnu-tools-for-stm32.11.3.rel1.win32_1.1.100.202309141235/tools/bin/../lib/gcc/arm-none-eabi/11.3.1/../../../../arm-none-eabi/lib/thumb/v7e-m+fp/hard\libc_nano.a(libc_a-findfp.o) (_fwalk_sglue)
D:/MCTR Softwares/STMCube/STMCube IDE/STM32CubeIDE_1.14.0/STM32CubeIDE/plugins/com.st.stm32cube.ide.mcu.externaltools.gnu-tools-for-stm32.11.3.rel1.win32_1.1.100.202309141235/tools/bin/../lib/gcc/arm-none-eabi/11.3.1/../../../../arm-none-eabi/lib/thumb/v7e-m+fp/hard\libc_nano.a(libc_a-stdio.o)
                              D:/MCTR Softwares/STMCube/STMCube IDE/STM32CubeIDE_1.14.0/STM32CubeIDE/plugins/com.st.stm32cube.ide.mcu.externaltools.gnu-tools-for-stm32.11.3.rel1.win32_1.1.100.202309141235/tools/bin/../lib/gcc/arm-none-eabi/11.3.1/../../../../arm-none-eabi/lib/thumb/v7e-m+fp/hard\libc_nano.a(libc_a-findfp.o) (__sread)
D:/MCTR Softwares/STMCube/STMCube IDE/STM32CubeIDE_1.14.0/STM32CubeIDE/plugins/com.st.stm32cube.ide.mcu.externaltools.gnu-tools-for-stm32.11.3.rel1.win32_1.1.100.202309141235/tools/bin/../lib/gcc/arm-none-eabi/11.3.1/../../../../arm-none-eabi/lib/thumb/v7e-m+fp/hard\libc_nano.a(libc_a-memset.o)
                              D:/MCTR Softwares/STMCube/STMCube IDE/STM32CubeIDE_1.14.0/STM32CubeIDE/plugins/com.st.stm32cube.ide.mcu.externaltools.gnu-tools-for-stm32.11.3.rel1.win32_1.1.100.202309141235/tools/bin/../lib/gcc/arm-none-eabi/11.3.1/../../../../arm-none-eabi/lib/thumb/v7e-m+fp/hard/crt0.o (memset)
D:/MCTR Softwares/STMCube/STMCube IDE/STM32CubeIDE_1.14.0/STM32CubeIDE/plugins/com.st.stm32cube.ide.mcu.externaltools.gnu-tools-for-stm32.11.3.rel1.win32_1.1.100.202309141235/tools/bin/../lib/gcc/arm-none-eabi/11.3.1/../../../../arm-none-eabi/lib/thumb/v7e-m+fp/hard\libc_nano.a(libc_a-closer.o)
                              D:/MCTR Softwares/STMCube/STMCube IDE/STM32CubeIDE_1.14.0/STM32CubeIDE/plugins/com.st.stm32cube.ide.mcu.externaltools.gnu-tools-for-stm32.11.3.rel1.win32_1.1.100.202309141235/tools/bin/../lib/gcc/arm-none-eabi/11.3.1/../../../../arm-none-eabi/lib/thumb/v7e-m+fp/hard\libc_nano.a(libc_a-stdio.o) (_close_r)
D:/MCTR Softwares/STMCube/STMCube IDE/STM32CubeIDE_1.14.0/STM32CubeIDE/plugins/com.st.stm32cube.ide.mcu.externaltools.gnu-tools-for-stm32.11.3.rel1.win32_1.1.100.202309141235/tools/bin/../lib/gcc/arm-none-eabi/11.3.1/../../../../arm-none-eabi/lib/thumb/v7e-m+fp/hard\libc_nano.a(libc_a-reent.o)
                              D:/MCTR Softwares/STMCube/STMCube IDE/STM32CubeIDE_1.14.0/STM32CubeIDE/plugins/com.st.stm32cube.ide.mcu.externaltools.gnu-tools-for-stm32.11.3.rel1.win32_1.1.100.202309141235/tools/bin/../lib/gcc/arm-none-eabi/11.3.1/../../../../arm-none-eabi/lib/thumb/v7e-m+fp/hard\libc_nano.a(libc_a-closer.o) (errno)
D:/MCTR Softwares/STMCube/STMCube IDE/STM32CubeIDE_1.14.0/STM32CubeIDE/plugins/com.st.stm32cube.ide.mcu.externaltools.gnu-tools-for-stm32.11.3.rel1.win32_1.1.100.202309141235/tools/bin/../lib/gcc/arm-none-eabi/11.3.1/../../../../arm-none-eabi/lib/thumb/v7e-m+fp/hard\libc_nano.a(libc_a-impure.o)
[...]
Memory Configuration

Name             Origin             Length             Attributes
RAM              0x0000000020000000 0x0000000000010000 xrw
FLASH            0x0000000008000000 0x0000000000040000 xr
*default*        0x0000000000000000 0xffffffffffffffff

Linker script and memory map

LOAD D:/MCTR Softwares/STMCube/STMCube IDE/STM32CubeIDE_1.14.0/STM32CubeIDE/plugins/com.st.stm32cube.ide.mcu.externaltools.gnu-tools-for-stm32.11.3.rel1.win32_1.1.100.202309141235/tools/bin/../lib/gcc/arm-none-eabi/11.3.1/thumb/v7e-m+fp/hard/crti.o
LOAD D:/MCTR Softwares/STMCube/STMCube IDE/STM32CubeIDE_1.14.0/STM32CubeIDE/plugins/com.st.stm32cube.ide.mcu.externaltools.gnu-tools-for-stm32.11.3.rel1.win32_1.1.100.202309141235/tools/bin/../lib/gcc/arm-none-eabi/11.3.1/thumb/v7e-m+fp/hard/crtbegin.o
LOAD D:/MCTR Softwares/STMCube/STMCube IDE/STM32CubeIDE_1.14.0/STM32CubeIDE/plugins/com.st.stm32cube.ide.mcu.externaltools.gnu-tools-for-stm32.11.3.rel1.win32_1.1.100.202309141235/tools/bin/../lib/gcc/arm-none-eabi/11.3.1/../../../../arm-none-eabi/lib/thumb/v7e-m+fp/hard/crt0.o
LOAD ./Src/NVIC.o
LOAD ./Src/SCB.o
LOAD ./Src/main.o
LOAD ./Src/syscalls.o
LOAD ./Src/sysmem.o
LOAD ./Startup/startup_stm32f401rctx.o
START GROUP
LOAD D:/MCTR Softwares/STMCube/STMCube IDE/STM32CubeIDE_1.14.0/STM32CubeIDE/plugins/com.st.stm32cube.ide.mcu.externaltools.gnu-tools-for-stm32.11.3.rel1.win32_1.1.100.202309141235/tools/bin/../lib/gcc/arm-none-eabi/11.3.1/../../../../arm-none-eabi/lib/thumb/v7e-m+fp/hard\libc_nano.a
LOAD D:/MCTR Softwares/STMCube/STMCube IDE/STM32CubeIDE_1.14.0/STM32CubeIDE/plugins/com.st.stm32cube.ide.mcu.externaltools.gnu-tools-for-stm32.11.3.rel1.win32_1.1.100.202309141235/tools/bin/../lib/gcc/arm-none-eabi/11.3.1/../../../../arm-none-eabi/lib/thumb/v7e-m+fp/hard\libm.a
END GROUP
START GROUP
LOAD D:/MCTR Softwares/STMCube/STMCube IDE/STM32CubeIDE_1.14.0/STM32CubeIDE/plugins/com.st.stm32cube.ide.mcu.externaltools.gnu-tools-for-stm32.11.3.rel1.win32_1.1.100.202309141235/tools/bin/../lib/gcc/arm-none-eabi/11.3.1/thumb/v7e-m+fp/hard\libgcc.a
LOAD D:/MCTR Softwares/STMCube/STMCube IDE/STM32CubeIDE_1.14.0/STM32CubeIDE/plugins/com.st.stm32cube.ide.mcu.externaltools.gnu-tools-for-stm32.11.3.rel1.win32_1.1.100.202309141235/tools/bin/../lib/gcc/arm-none-eabi/11.3.1/../../../../arm-none-eabi/lib/thumb/v7e-m+fp/hard\libc_nano.a
END GROUP
START GROUP
LOAD D:/MCTR Softwares/STMCube/STMCube IDE/STM32CubeIDE_1.14.0/STM32CubeIDE/plugins/com.st.stm32cube.ide.mcu.externaltools.gnu-tools-for-stm32.11.3.rel1.win32_1.1.100.202309141235/tools/bin/../lib/gcc/arm-none-eabi/11.3.1/thumb/v7e-m+fp/hard\libgcc.a
LOAD D:/MCTR Softwares/STMCube/STMCube IDE/STM32CubeIDE_1.14.0/STM32CubeIDE/plugins/com.st.stm32cube.ide.mcu.externaltools.gnu-tools-for-stm32.11.3.rel1.win32_1.1.100.202309141235/tools/bin/../lib/gcc/arm-none-eabi/11.3.1/../../../../arm-none-eabi/lib/thumb/v7e-m+fp/hard\libc_nano.a
LOAD D:/MCTR Softwares/STMCube/STMCube IDE/STM32CubeIDE_1.14.0/STM32CubeIDE/plugins/com.st.stm32cube.ide.mcu.externaltools.gnu-tools-for-stm32.11.3.rel1.win32_1.1.100.202309141235/tools/bin/../lib/gcc/arm-none-eabi/11.3.1/../../../../arm-none-eabi/lib/thumb/v7e-m+fp/hard\libnosys.a
END GROUP
START GROUP
LOAD D:/MCTR Softwares/STMCube/STMCube IDE/STM32CubeIDE_1.14.0/STM32CubeIDE/plugins/com.st.stm32cube.ide.mcu.externaltools.gnu-tools-for-stm32.11.3.rel1.win32_1.1.100.202309141235/tools/bin/../lib/gcc/arm-none-eabi/11.3.1/thumb/v7e-m+fp/hard\libgcc.a
LOAD D:/MCTR Softwares/STMCube/STMCube IDE/STM32CubeIDE_1.14.0/STM32CubeIDE/plugins/com.st.stm32cube.ide.mcu.externaltools.gnu-tools-for-stm32.11.3.rel1.win32_1.1.100.202309141235/tools/bin/../lib/gcc/arm-none-eabi/11.3.1/../../../../arm-none-eabi/lib/thumb/v7e-m+fp/hard\libc_nano.a
LOAD D:/MCTR Softwares/STMCube/STMCube IDE/STM32CubeIDE_1.14.0/STM32CubeIDE/plugins/com.st.stm32cube.ide.mcu.externaltools.gnu-tools-for-stm32.11.3.rel1.win32_1.1.100.202309141235/tools/bin/../lib/gcc/arm-none-eabi/11.3.1/../../../../arm-none-eabi/lib/thumb/v7e-m+fp/hard\libnosys.a
END GROUP
LOAD D:/MCTR Softwares/STMCube/STMCube IDE/STM32CubeIDE_1.14.0/STM32CubeIDE/plugins/com.st.stm32cube.ide.mcu.externaltools.gnu-tools-for-stm32.11.3.rel1.win32_1.1.100.202309141235/tools/bin/../lib/gcc/arm-none-eabi/11.3.1/thumb/v7e-m+fp/hard/crtend.o
LOAD D:/MCTR Softwares/STMCube/STMCube IDE/STM32CubeIDE_1.14.0/STM32CubeIDE/plugins/com.st.stm32cube.ide.mcu.externaltools.gnu-tools-for-stm32.11.3.rel1.win32_1.1.100.202309141235/tools/bin/../lib/gcc/arm-none-eabi/11.3.1/thumb/v7e-m+fp/hard/crtn.o
                0x0000000020010000                _estack = (ORIGIN (RAM) + LENGTH (RAM))
                0x0000000000000200                _Min_Heap_Size = 0x200
                0x0000000000000400                _Min_Stack_Size = 0x400

.isr_vector     0x0000000008000000      0x194
                0x0000000008000000                . = ALIGN (0x4)
 *(.isr_vector)
 .isr_vector    0x0000000008000000      0x194 ./Startup/startup_stm32f401rctx.o
                0x0000000008000000                g_pfnVectors
                0x0000000008000194                . = ALIGN (0x4)

.text           0x0000000008000194      0x228
                0x0000000008000194                . = ALIGN (0x4)
 *(.text)
 .text          0x0000000008000194       0x40 D:/MCTR Softwares/STMCube/STMCube IDE/STM32CubeIDE_1.14.0/STM32CubeIDE/plugins/com.st.stm32cube.ide.mcu.externaltools.gnu-tools-for-stm32.11.3.rel1.win32_1.1.100.202309141235/tools/bin/../lib/gcc/arm-none-eabi/11.3.1/thumb/v7e-m+fp/hard/crtbegin.o
 *(.text*)
 .text.NVIC_EnableIRQ
                0x00000000080001d4       0x54 ./Src/NVIC.o
                0x00000000080001d4                NVIC_EnableIRQ
 .text.NVIC_DisableIRQ
                0x0000000008000228       0x58 ./Src/NVIC.o
                0x0000000008000228                NVIC_DisableIRQ
 .text.NVIC_SetPendingIRQ
                0x0000000008000280       0x58 ./Src/NVIC.o
                0x0000000008000280                NVIC_SetPendingIRQ
 .text.main     0x00000000080002d8       0x18 ./Src/main.o
                0x00000000080002d8                main
 .text.USART2_IRQHandler
                0x00000000080002f0       0x18 ./Src/main.o
                0x00000000080002f0                USART2_IRQHandler
 .text.Reset_Handler
                0x0000000008000308       0x50 ./Startup/startup_stm32f401rctx.o
                0x0000000008000308                Reset_Handler
 .text.Default_Handler
                0x0000000008000358        0x2 ./Startup/startup_stm32f401rctx.o
                0x0000000008000358                EXTI2_IRQHandler
                0x0000000008000358                DebugMon_Handler
                0x0000000008000358                SPI4_IRQHandler
                0x0000000008000358                TIM1_CC_IRQHandler
                0x0000000008000358                DMA2_Stream5_IRQHandler
                0x0000000008000358                HardFault_Handler
                0x0000000008000358                DMA1_Stream5_IRQHandler
                0x0000000008000358                SysTick_Handler
                0x0000000008000358                SDIO_IRQHandler
                0x0000000008000358                TAMP_STAMP_IRQHandler
                0x0000000008000358                PendSV_Handler
                0x0000000008000358                NMI_Handler
                0x0000000008000358                EXTI3_IRQHandler
                0x0000000008000358                TIM1_UP_TIM10_IRQHandler
                0x0000000008000358                I2C3_ER_IRQHandler
                0x0000000008000358                EXTI18_OTG_FS_WKUP_IRQHandler
                0x0000000008000358                EXTI0_IRQHandler
                0x0000000008000358                I2C2_EV_IRQHandler
                0x0000000008000358                DMA1_Stream2_IRQHandler
                0x0000000008000358                UsageFault_Handler
                0x0000000008000358                DMA2_Stream2_IRQHandler
                0x0000000008000358                SPI1_IRQHandler
                0x0000000008000358                TIM1_BRK_TIM9_IRQHandler
                0x0000000008000358                DMA2_Stream3_IRQHandler
                0x0000000008000358                USART6_IRQHandler
                0x0000000008000358                DMA2_Stream0_IRQHandler
                0x0000000008000358                TIM4_IRQHandler
                0x0000000008000358                I2C1_EV_IRQHandler
                0x0000000008000358                DMA1_Stream6_IRQHandler
                0x0000000008000358                DMA1_Stream1_IRQHandler
                0x0000000008000358                TIM3_IRQHandler
                0x0000000008000358                RCC_IRQHandler
                0x0000000008000358                Default_Handler
                0x0000000008000358                EXTI15_10_IRQHandler
                0x0000000008000358                ADC_IRQHandler
                0x0000000008000358                DMA1_Stream7_IRQHandler
                0x0000000008000358                TIM5_IRQHandler
                0x0000000008000358                DMA2_Stream7_IRQHandler
                0x0000000008000358                I2C3_EV_IRQHandler
                0x0000000008000358                EXTI9_5_IRQHandler
                0x0000000008000358                SPI2_IRQHandler
                0x0000000008000358                MemManage_Handler
                0x0000000008000358                DMA1_Stream0_IRQHandler
                0x0000000008000358                SVC_Handler
                0x0000000008000358                EXTI4_IRQHandler
                0x0000000008000358                EXTI22_RTC_WKUP_IRQHandler
                0x0000000008000358                TIM2_IRQHandler
                0x0000000008000358                EXTI16_PVD_IRQHandler
                0x0000000008000358                TIM1_TRG_COM_TIM11_IRQHandler
                0x0000000008000358                EXTI1_IRQHandler
                0x0000000008000358                EXTI17_RTC_Alarm_IRQHandler
                0x0000000008000358                I2C2_ER_IRQHandler
                0x0000000008000358                DMA2_Stream1_IRQHandler
                0x0000000008000358                FLASH_IRQHandler
                0x0000000008000358                DMA2_Stream4_IRQHandler
                0x0000000008000358                BusFault_Handler
                0x0000000008000358                USART1_IRQHandler
                0x0000000008000358                OTG_FS_IRQHandler
                0x0000000008000358                SPI3_IRQHandler
                0x0000000008000358                DMA1_Stream4_IRQHandler
                0x0000000008000358                I2C1_ER_IRQHandler
                0x0000000008000358                DMA2_Stream6_IRQHandler
                0x0000000008000358                DMA1_Stream3_IRQHandler
 *fill*         0x000000000800035a        0x2 
 .text.__libc_init_array
                0x000000000800035c       0x48 D:/MCTR Softwares/STMCube/STMCube IDE/STM32CubeIDE_1.14.0/STM32CubeIDE/plugins/com.st.stm32cube.ide.mcu.externaltools.gnu-tools-for-stm32.11.3.rel1.win32_1.1.100.202309141235/tools/bin/../lib/gcc/arm-none-eabi/11.3.1/../../../../arm-none-eabi/lib/thumb/v7e-m+fp/hard\libc_nano.a(libc_a-init.o)
                0x000000000800035c                __libc_init_array
 *(.glue_7)
 .glue_7        0x00000000080003a4        0x0 linker stubs
 *(.glue_7t)
 .glue_7t       0x00000000080003a4        0x0 linker stubs
 *(.eh_frame)
 .eh_frame      0x00000000080003a4        0x0 D:/MCTR Softwares/STMCube/STMCube IDE/STM32CubeIDE_1.14.0/STM32CubeIDE/plugins/com.st.stm32cube.ide.mcu.externaltools.gnu-tools-for-stm32.11.3.rel1.win32_1.1.100.202309141235/tools/bin/../lib/gcc/arm-none-eabi/11.3.1/thumb/v7e-m+fp/hard/crtbegin.o
 *(.init)
 .init          0x00000000080003a4        0x4 D:/MCTR Softwares/STMCube/STMCube IDE/STM32CubeIDE_1.14.0/STM32CubeIDE/plugins/com.st.stm32cube.ide.mcu.externaltools.gnu-tools-for-stm32.11.3.rel1.win32_1.1.100.202309141235/tools/bin/../lib/gcc/arm-none-eabi/11.3.1/thumb/v7e-m+fp/hard/crti.o
                0x00000000080003a4                _init
 .init          0x00000000080003a8        0x8 D:/MCTR Softwares/STMCube/STMCube IDE/STM32CubeIDE_1.14.0/STM32CubeIDE/plugins/com.st.stm32cube.ide.mcu.externaltools.gnu-tools-for-stm32.11.3.rel1.win32_1.1.100.202309141235/tools/bin/../lib/gcc/arm-none-eabi/11.3.1/thumb/v7e-m+fp/hard/crtn.o
 *(.fini)
 .fini          0x00000000080003b0        0x4 D:/MCTR Softwares/STMCube/STMCube IDE/STM32CubeIDE_1.14.0/STM32CubeIDE/plugins/com.st.stm32cube.ide.mcu.externaltools.gnu-tools-for-stm32.11.3.rel1.win32_1.1.100.202309141235/tools/bin/../lib/gcc/arm-none-eabi/11.3.1/thumb/v7e-m+fp/hard/crti.o
                0x00000000080003b0                _fini
 .fini          0x00000000080003b4        0x8 D:/MCTR Softwares/STMCube/STMCube IDE/STM32CubeIDE_1.14.0/STM32CubeIDE/plugins/com.st.stm32cube.ide.mcu.externaltools.gnu-tools-for-stm32.11.3.rel1.win32_1.1.100.202309141235/tools/bin/../lib/gcc/arm-none-eabi/11.3.1/thumb/v7e-m+fp/hard/crtn.o
                0x00000000080003bc                . = ALIGN (0x4)
                0x00000000080003bc                _etext = .

.vfp11_veneer   0x00000000080003bc        0x0
 .vfp11_veneer  0x00000000080003bc        0x0 linker stubs

.v4_bx          0x00000000080003bc        0x0
 .v4_bx         0x00000000080003bc        0x0 linker stubs

.iplt           0x00000000080003bc        0x0
 .iplt          0x00000000080003bc        0x0 D:/MCTR Softwares/STMCube/STMCube IDE/STM32CubeIDE_1.14.0/STM32CubeIDE/plugins/com.st.stm32cube.ide.mcu.externaltools.gnu-tools-for-stm32.11.3.rel1.win32_1.1.100.202309141235/tools/bin/../lib/gcc/arm-none-eabi/11.3.1/thumb/v7e-m+fp/hard/crtbegin.o

.rel.dyn        0x00000000080003bc        0x0
 .rel.iplt      0x00000000080003bc        0x0 D:/MCTR Softwares/STMCube/STMCube IDE/STM32CubeIDE_1.14.0/STM32CubeIDE/plugins/com.st.stm32cube.ide.mcu.externaltools.gnu-tools-for-stm32.11.3.rel1.win32_1.1.100.202309141235/tools/bin/../lib/gcc/arm-none-eabi/11.3.1/thumb/v7e-m+fp/hard/crtbegin.o

.rodata         0x00000000080003bc        0x0
                0x00000000080003bc                . = ALIGN (0x4)
 *(.rodata)
 *(.rodata*)
                0x00000000080003bc                . = ALIGN (0x4)

.ARM.extab      0x00000000080003bc        0x0
                0x00000000080003bc                . = ALIGN (0x4)
 *(.ARM.extab* .gnu.linkonce.armextab.*)
                0x00000000080003bc                . = ALIGN (0x4)

.ARM            0x00000000080003bc        0x0
                0x00000000080003bc                . = ALIGN (0x4)
                0x00000000080003bc                __exidx_start = .
 *(.ARM.exidx*)
                0x00000000080003bc                __exidx_end = .
                0x00000000080003bc                . = ALIGN (0x4)

.preinit_array  0x00000000080003bc        0x0
                0x00000000080003bc                . = ALIGN (0x4)
                0x00000000080003bc                PROVIDE (__preinit_array_start = .)
 *(.preinit_array*)
                0x00000000080003bc                PROVIDE (__preinit_array_end = .)
                0x00000000080003bc                . = ALIGN (0x4)

.init_array     0x00000000080003bc        0x4
                0x00000000080003bc                . = ALIGN (0x4)
                0x00000000080003bc                PROVIDE (__init_array_start = .)
 *(SORT_BY_NAME(.init_array.*))
 *(.init_array*)
 .init_array    0x00000000080003bc        0x4 D:/MCTR Softwares/STMCube/STMCube IDE/STM32CubeIDE_1.14.0/STM32CubeIDE/plugins/com.st.stm32cube.ide.mcu.externaltools.gnu-tools-for-stm32.11.3.rel1.win32_1.1.100.202309141235/tools/bin/../lib/gcc/arm-none-eabi/11.3.1/thumb/v7e-m+fp/hard/crtbegin.o
                0x00000000080003c0                PROVIDE (__init_array_end = .)
                0x00000000080003c0                . = ALIGN (0x4)

.fini_array     0x00000000080003c0        0x4
                0x00000000080003c0                . = ALIGN (0x4)
                [!provide]                        PROVIDE (__fini_array_start = .)
 *(SORT_BY_NAME(.fini_array.*))
 *(.fini_array*)
 .fini_array    0x00000000080003c0        0x4 D:/MCTR Softwares/STMCube/STMCube IDE/STM32CubeIDE_1.14.0/STM32CubeIDE/plugins/com.st.stm32cube.ide.mcu.externaltools.gnu-tools-for-stm32.11.3.rel1.win32_1.1.100.202309141235/tools/bin/../lib/gcc/arm-none-eabi/11.3.1/thumb/v7e-m+fp/hard/crtbegin.o
                [!provide]                        PROVIDE (__fini_array_end = .)
                0x00000000080003c4                . = ALIGN (0x4)
                0x00000000080003c4                _sidata = LOADADDR (.data)

.data           0x0000000020000000        0x0 load address 0x00000000080003c4
                0x0000000020000000                . = ALIGN (0x4)
                0x0000000020000000                _sdata = .
 *(.data)
 *(.data*)
 *(.RamFunc)
 *(.RamFunc*)
                0x0000000020000000                . = ALIGN (0x4)
                0x0000000020000000                _edata = .

.igot.plt       0x0000000020000000        0x0 load address 0x00000000080003c4
 .igot.plt      0x0000000020000000        0x0 D:/MCTR Softwares/STMCube/STMCube IDE/STM32CubeIDE_1.14.0/STM32CubeIDE/plugins/com.st.stm32cube.ide.mcu.externaltools.gnu-tools-for-stm32.11.3.rel1.win32_1.1.100.202309141235/tools/bin/../lib/gcc/arm-none-eabi/11.3.1/thumb/v7e-m+fp/hard/crtbegin.o
                0x0000000020000000                . = ALIGN (0x4)

.bss            0x0000000020000000       0x20 load address 0x00000000080003c4
                0x0000000020000000                _sbss = .
                0x0000000020000000                __bss_start__ = _sbss
 *(.bss)
 .bss           0x0000000020000000       0x1c D:/MCTR Softwares/STMCube/STMCube IDE/STM32CubeIDE_1.14.0/STM32CubeIDE/plugins/com.st.stm32cube.ide.mcu.externaltools.gnu-tools-for-stm32.11.3.rel1.win32_1.1.100.202309141235/tools/bin/../lib/gcc/arm-none-eabi/11.3.1/thumb/v7e-m+fp/hard/crtbegin.o
 *(.bss*)
 .bss.USART2_IRQHandlerFlag
                0x000000002000001c        0x4 ./Src/main.o
 *(COMMON)
                0x0000000020000020                . = ALIGN (0x4)
                0x0000000020000020                _ebss = .
                0x0000000020000020                __bss_end__ = _ebss

._user_heap_stack
                0x0000000020000020      0x600 load address 0x00000000080003c4
                0x0000000020000020                . = ALIGN (0x8)
                [!provide]                        PROVIDE (end = .)
                0x0000000020000020                PROVIDE (_end = .)
                0x0000000020000220                . = (. + _Min_Heap_Size)
 *fill*         0x0000000020000020      0x200 
                0x0000000020000620                . = (. + _Min_Stack_Size)
 *fill*         0x0000000020000220      0x400 
                0x0000000020000620                . = ALIGN (0x8)

/DISCARD/
 libc.a(*)
 libm.a(*)
 libgcc.a(*)

.ARM.attributes
                0x0000000000000000       0x30
 *(.ARM.attributes)
 .ARM.attributes
                0x0000000000000000       0x1e D:/MCTR Softwares/STMCube/STMCube IDE/STM32CubeIDE_1.14.0/STM32CubeIDE/plugins/com.st.stm32cube.ide.mcu.externaltools.gnu-tools-for-stm32.11.3.rel1.win32_1.1.100.202309141235/tools/bin/../lib/gcc/arm-none-eabi/11.3.1/thumb/v7e-m+fp/hard/crti.o
 .ARM.attributes
                0x000000000000001e       0x34 D:/MCTR Softwares/STMCube/STMCube IDE/STM32CubeIDE_1.14.0/STM32CubeIDE/plugins/com.st.stm32cube.ide.mcu.externaltools.gnu-tools-for-stm32.11.3.rel1.win32_1.1.100.202309141235/tools/bin/../lib/gcc/arm-none-eabi/11.3.1/thumb/v7e-m+fp/hard/crtbegin.o
 .ARM.attributes
                0x0000000000000052       0x34 ./Src/NVIC.o
 .ARM.attributes
                0x0000000000000086       0x34 ./Src/main.o
 .ARM.attributes
                0x00000000000000ba       0x21 ./Startup/startup_stm32f401rctx.o
 .ARM.attributes
                0x00000000000000db       0x34 D:/MCTR Softwares/STMCube/STMCube IDE/STM32CubeIDE_1.14.0/STM32CubeIDE/plugins/com.st.stm32cube.ide.mcu.externaltools.gnu-tools-for-stm32.11.3.rel1.win32_1.1.100.202309141235/tools/bin/../lib/gcc/arm-none-eabi/11.3.1/../../../../arm-none-eabi/lib/thumb/v7e-m+fp/hard\libc_nano.a(libc_a-init.o)
 .ARM.attributes
                0x000000000000010f       0x1e D:/MCTR Softwares/STMCube/STMCube IDE/STM32CubeIDE_1.14.0/STM32CubeIDE/plugins/com.st.stm32cube.ide.mcu.externaltools.gnu-tools-for-stm32.11.3.rel1.win32_1.1.100.202309141235/tools/bin/../lib/gcc/arm-none-eabi/11.3.1/thumb/v7e-m+fp/hard/crtn.o
OUTPUT(Device_Drivers.elf elf32-littlearm)
LOAD linker stubs
LOAD D:/MCTR Softwares/STMCube/STMCube IDE/STM32CubeIDE_1.14.0/STM32CubeIDE/plugins/com.st.stm32cube.ide.mcu.externaltools.gnu-tools-for-stm32.11.3.rel1.win32_1.1.100.202309141235/tools/bin/../lib/gcc/arm-none-eabi/11.3.1/../../../../arm-none-eabi/lib/thumb/v7e-m+fp/hard\libc.a
LOAD D:/MCTR Softwares/STMCube/STMCube IDE/STM32CubeIDE_1.14.0/STM32CubeIDE/plugins/com.st.stm32cube.ide.mcu.externaltools.gnu-tools-for-stm32.11.3.rel1.win32_1.1.100.202309141235/tools/bin/../lib/gcc/arm-none-eabi/11.3.1/../../../../arm-none-eabi/lib/thumb/v7e-m+fp/hard\libm.a
LOAD D:/MCTR Softwares/STMCube/STMCube IDE/STM32CubeIDE_1.14.0/STM32CubeIDE/plugins/com.st.stm32cube.ide.mcu.externaltools.gnu-tools-for-stm32.11.3.rel1.win32_1.1.100.202309141235/tools/bin/../lib/gcc/arm-none-eabi/11.3.1/thumb/v7e-m+fp/hard\libgcc.a

.comment        0x0000000000000000       0x43
 .comment       0x0000000000000000       0x43 D:/MCTR Softwares/STMCube/STMCube IDE/STM32CubeIDE_1.14.0/STM32CubeIDE/plugins/com.st.stm32cube.ide.mcu.externaltools.gnu-tools-for-stm32.11.3.rel1.win32_1.1.100.202309141235/tools/bin/../lib/gcc/arm-none-eabi/11.3.1/thumb/v7e-m+fp/hard/crtbegin.o
                                         0x44 (size before relaxing)
 .comment       0x0000000000000043       0x44 ./Src/NVIC.o
 .comment       0x0000000000000043       0x44 ./Src/main.o

.debug_info     0x0000000000000000      0x80e
 .debug_info    0x0000000000000000      0x4b4 ./Src/NVIC.o
 .debug_info    0x00000000000004b4      0x337 ./Src/main.o
 .debug_info    0x00000000000007eb       0x23 ./Startup/startup_stm32f401rctx.o

.debug_abbrev   0x0000000000000000      0x207
 .debug_abbrev  0x0000000000000000      0x12b ./Src/NVIC.o
 .debug_abbrev  0x000000000000012b       0xca ./Src/main.o
 .debug_abbrev  0x00000000000001f5       0x12 ./Startup/startup_stm32f401rctx.o

.debug_aranges  0x0000000000000000       0x90
 .debug_aranges
                0x0000000000000000       0x40 ./Src/NVIC.o
 .debug_aranges
                0x0000000000000040       0x28 ./Src/main.o
 .debug_aranges
                0x0000000000000068       0x28 ./Startup/startup_stm32f401rctx.o

.debug_rnglists
                0x0000000000000000       0x5d
 .debug_rnglists
                0x0000000000000000       0x2b ./Src/NVIC.o
 .debug_rnglists
                0x000000000000002b       0x19 ./Src/main.o
 .debug_rnglists
                0x0000000000000044       0x19 ./Startup/startup_stm32f401rctx.o

.debug_macro    0x0000000000000000     0x1dbb
 .debug_macro   0x0000000000000000      0x153 ./Src/NVIC.o
 .debug_macro   0x0000000000000153      0xaae ./Src/NVIC.o
 .debug_macro   0x0000000000000c01       0x22 ./Src/NVIC.o
 .debug_macro   0x0000000000000c23       0x5b ./Src/NVIC.o
 .debug_macro   0x0000000000000c7e       0x2a ./Src/NVIC.o
 .debug_macro   0x0000000000000ca8       0x94 ./Src/NVIC.o
 .debug_macro   0x0000000000000d3c       0x43 ./Src/NVIC.o
 .debug_macro   0x0000000000000d7f       0x34 ./Src/NVIC.o
 .debug_macro   0x0000000000000db3       0x16 ./Src/NVIC.o
 .debug_macro   0x0000000000000dc9       0x57 ./Src/NVIC.o
 .debug_macro   0x0000000000000e20       0x97 ./Src/NVIC.o
 .debug_macro   0x0000000000000eb7      0x369 ./Src/NVIC.o
 .debug_macro   0x0000000000001220       0xfd ./Src/NVIC.o
 .debug_macro   0x000000000000131d       0x10 ./Src/NVIC.o
 .debug_macro   0x000000000000132d       0x16 ./Src/NVIC.o
 .debug_macro   0x0000000000001343       0x43 ./Src/NVIC.o
 .debug_macro   0x0000000000001386       0x34 ./Src/NVIC.o
 .debug_macro   0x00000000000013ba       0x10 ./Src/NVIC.o
 .debug_macro   0x00000000000013ca       0x58 ./Src/NVIC.o
 .debug_macro   0x0000000000001422       0x8e ./Src/NVIC.o
 .debug_macro   0x00000000000014b0       0x1c ./Src/NVIC.o
 .debug_macro   0x00000000000014cc      0x177 ./Src/NVIC.o
 .debug_macro   0x0000000000001643       0x16 ./Src/NVIC.o
 .debug_macro   0x0000000000001659       0x16 ./Src/NVIC.o
 .debug_macro   0x000000000000166f      0x147 ./Src/NVIC.o
 .debug_macro   0x00000000000017b6      0x103 ./Src/NVIC.o
 .debug_macro   0x00000000000018b9       0x6a ./Src/NVIC.o
 .debug_macro   0x0000000000001923      0x1df ./Src/NVIC.o
 .debug_macro   0x0000000000001b02       0x1c ./Src/NVIC.o
 .debug_macro   0x0000000000001b1e      0x15d ./Src/main.o
 .debug_macro   0x0000000000001c7b       0x8e ./Src/main.o
 .debug_macro   0x0000000000001d09       0x51 ./Src/main.o
 .debug_macro   0x0000000000001d5a       0x61 ./Src/main.o

.debug_line     0x0000000000000000      0xc7d
 .debug_line    0x0000000000000000      0x643 ./Src/NVIC.o
 .debug_line    0x0000000000000643      0x5bf ./Src/main.o
 .debug_line    0x0000000000000c02       0x7b ./Startup/startup_stm32f401rctx.o

.debug_str      0x0000000000000000     0x7c51
 .debug_str     0x0000000000000000     0x7be7 ./Src/NVIC.o
                                       0x7ddf (size before relaxing)
 .debug_str     0x0000000000007be7       0x3b ./Src/main.o
                                       0x7d6b (size before relaxing)
 .debug_str     0x0000000000007c22       0x2f ./Startup/startup_stm32f401rctx.o
                                         0x94 (size before relaxing)

.debug_frame    0x0000000000000000      0x150
 .debug_frame   0x0000000000000000       0xd8 ./Src/NVIC.o
 .debug_frame   0x00000000000000d8       0x4c ./Src/main.o
 .debug_frame   0x0000000000000124       0x2c D:/MCTR Softwares/STMCube/STMCube IDE/STM32CubeIDE_1.14.0/STM32CubeIDE/plugins/com.st.stm32cube.ide.mcu.externaltools.gnu-tools-for-stm32.11.3.rel1.win32_1.1.100.202309141235/tools/bin/../lib/gcc/arm-none-eabi/11.3.1/../../../../arm-none-eabi/lib/thumb/v7e-m+fp/hard\libc_nano.a(libc_a-init.o)

.debug_line_str
                0x0000000000000000       0x88
 .debug_line_str
                0x0000000000000000       0x88 ./Startup/startup_stm32f401rctx.o
                                         0xa0 (size before relaxing)
